---
source: tests/apply.rs
assertion_line: 728
expression: text
---
  tests/fixtures/apply/plan_all_verdicts.yml
  ✓ An assert that already holds                     ok  [t]
  ~ A file that would change                         would change  [t]
    │ --- current
    │ +++ [SCRATCH]/hello.txt
    │ @@ -0,0 +1,2 @@
    │ +one
    │ +two
  → A gated shell not yet done                       would run  [t]
  → An ungated shell is its own exit code            would run  [t]
  - A gate that says the work is done                skipped   unless  [t]

  tests/fixtures/apply/plan_all_verdicts.yml · 5 steps · 1 would change · 2 would run · 1 ok · 1 skipped · [t]
