---
source: tests/apply.rs
assertion_line: 747
expression: text
---
  tests/fixtures/apply/plan_all_verdicts.yml
  ? An assert that already holds                     would run (unprobed)  [t]
  ? A file that would change                         would run (unprobed)  [t]
  ? A gated shell not yet done                       would run (unprobed)  [t]
  ? An ungated shell is its own exit code            would run (unprobed)  [t]
  ? A gate that says the work is done                would run (unprobed)  [t]

  tests/fixtures/apply/plan_all_verdicts.yml · 5 steps · 5 would run (unprobed) · [t]
