---
source: tests/apply.rs
expression: loud
---
  tests/fixtures/apply/verdicts.yml
  ? An ungated shell cannot be judged                unknown  [t]
  - A gate that says the work is done                skipped   unless  [t]
  ~ changed_when decides                             changed  [t]
    │ hello
  ✓ A later step reads the register                  ok  [t]
    │ hello
  ✓ failed_when forgives a non-zero exit             ok  [t]

  tests/fixtures/apply/verdicts.yml · 5 steps · 1 changed · 2 ok · 1 skipped · 1 unknown · [t]
